>>> BaseGeometry = __import__('7-base_geometry').BaseGeometry
>>> bg = BaseGeometry()

>>> bg.integer_validator("name", "aaa")
Traceback (most recent call last):
Type Error: name must be an integer

>>> bg.integer_validator("edad", 0)
Traceback (most recent call last):
Value Error: edad must be greater than 0

>>> bg.integer_validator("edad", -2)
Traceback (most recent call last):
Value Error: edad must be greater than 0

>>> bg.integer_validator("edad")
Traceback (most recent call last):
Type Error: integer_validator() missing 1 required positional argument: 'value'

>>> bg.integer_validator()
Traceback (most recent call last):
Type Error: integer_validator() missing 2 required positional arguments: 'name' and 'value'

>>> bg.area()
Traceback (most recent call last):
Exception: area() is not implemented
